
> frontend@0.1.0 start
> craco start

Starting the development server...

Compiled successfully!

You can now view frontend in the browser.

  Local:            http://localhost:3000
  On Your Network:  http://192.168.8.174:3000

Note that the development build is not optimized.
To create a production build, use yarn build.

webpack compiled [1m[32msuccessfully[39m[22m
Compiling...
Failed to compile.

Module not found: Error: Can't resolve './pages/Dashboard' in 'C:\Users\burif\OneDrive\Desktop\YENI REDWORK SITESI\redworkch-fixed-ui-admin-hosting\redworkch-main\frontend\src'
[1m[31mERROR[39m[22m in [1m./src/App.js[39m[22m [1m[32m37:0-42[39m[22m
[1mModule [1m[31mnot found[39m[22m[1m: [1m[31mError[39m[22m[1m: Can't resolve './pages/Dashboard' in 'C:\Users\burif\OneDrive\Desktop\YENI REDWORK SITESI\redworkch-fixed-ui-admin-hosting\redworkch-main\frontend\src'[39m[22m

webpack compiled with [1m[31m1 error[39m[22m
Compiling...
Failed to compile.

Module not found: Error: Can't resolve './pages/Dashboard' in 'C:\Users\burif\OneDrive\Desktop\YENI REDWORK SITESI\redworkch-fixed-ui-admin-hosting\redworkch-main\frontend\src'
[1m[31mERROR[39m[22m in [1m./src/App.js[39m[22m [1m[32m37:0-42[39m[22m
[1mModule [1m[31mnot found[39m[22m[1m: [1m[31mError[39m[22m[1m: Can't resolve './pages/Dashboard' in 'C:\Users\burif\OneDrive\Desktop\YENI REDWORK SITESI\redworkch-fixed-ui-admin-hosting\redworkch-main\frontend\src'[39m[22m

webpack compiled with [1m[31m1 error[39m[22m
Compiling...
Compiled with warnings.

[eslint] 
src\pages\Dashboard.jsx
  Line 123:9:  The 'invoices' logical expression could make the dependencies of useMemo Hook (at line 127) change on every render. To fix this, wrap the initialization of 'invoices' in its own useMemo() Hook  react-hooks/exhaustive-deps
  Line 123:9:  The 'invoices' logical expression could make the dependencies of useMemo Hook (at line 128) change on every render. To fix this, wrap the initialization of 'invoices' in its own useMemo() Hook  react-hooks/exhaustive-deps

Search for the keywords to learn more about each warning.
To ignore, add // eslint-disable-next-line to the line before.

[1m[33mWARNING[39m[22m in [1m[eslint] 
src\pages\Dashboard.jsx
  Line 123:9:  The 'invoices' logical expression could make the dependencies of useMemo Hook (at line 127) change on every render. To fix this, wrap the initialization of 'invoices' in its own useMemo() Hook  react-hooks/exhaustive-deps
  Line 123:9:  The 'invoices' logical expression could make the dependencies of useMemo Hook (at line 128) change on every render. To fix this, wrap the initialization of 'invoices' in its own useMemo() Hook  react-hooks/exhaustive-deps

[39m[22m

webpack compiled with [1m[33m1 warning[39m[22m
Compiling...
Compiled with warnings.

[eslint] 
src\pages\Dashboard.jsx
  Line 123:9:  The 'invoices' logical expression could make the dependencies of useMemo Hook (at line 127) change on every render. To fix this, wrap the initialization of 'invoices' in its own useMemo() Hook  react-hooks/exhaustive-deps
  Line 123:9:  The 'invoices' logical expression could make the dependencies of useMemo Hook (at line 128) change on every render. To fix this, wrap the initialization of 'invoices' in its own useMemo() Hook  react-hooks/exhaustive-deps

Search for the keywords to learn more about each warning.
To ignore, add // eslint-disable-next-line to the line before.

[1m[33mWARNING[39m[22m in [1m[eslint] 
src\pages\Dashboard.jsx
  Line 123:9:  The 'invoices' logical expression could make the dependencies of useMemo Hook (at line 127) change on every render. To fix this, wrap the initialization of 'invoices' in its own useMemo() Hook  react-hooks/exhaustive-deps
  Line 123:9:  The 'invoices' logical expression could make the dependencies of useMemo Hook (at line 128) change on every render. To fix this, wrap the initialization of 'invoices' in its own useMemo() Hook  react-hooks/exhaustive-deps

[39m[22m

webpack compiled with [1m[33m1 warning[39m[22m
Compiling...
Compiled with warnings.

[eslint] 
src\pages\Dashboard.jsx
  Line 123:9:  The 'invoices' logical expression could make the dependencies of useMemo Hook (at line 127) change on every render. To fix this, wrap the initialization of 'invoices' in its own useMemo() Hook  react-hooks/exhaustive-deps
  Line 123:9:  The 'invoices' logical expression could make the dependencies of useMemo Hook (at line 128) change on every render. To fix this, wrap the initialization of 'invoices' in its own useMemo() Hook  react-hooks/exhaustive-deps

Search for the keywords to learn more about each warning.
To ignore, add // eslint-disable-next-line to the line before.

[1m[33mWARNING[39m[22m in [1m[eslint] 
src\pages\Dashboard.jsx
  Line 123:9:  The 'invoices' logical expression could make the dependencies of useMemo Hook (at line 127) change on every render. To fix this, wrap the initialization of 'invoices' in its own useMemo() Hook  react-hooks/exhaustive-deps
  Line 123:9:  The 'invoices' logical expression could make the dependencies of useMemo Hook (at line 128) change on every render. To fix this, wrap the initialization of 'invoices' in its own useMemo() Hook  react-hooks/exhaustive-deps

[39m[22m

webpack compiled with [1m[33m1 warning[39m[22m
Compiling...
Compiled with warnings.

[eslint] 
src\pages\Dashboard.jsx
  Line 123:9:  The 'invoices' logical expression could make the dependencies of useMemo Hook (at line 127) change on every render. To fix this, wrap the initialization of 'invoices' in its own useMemo() Hook  react-hooks/exhaustive-deps
  Line 123:9:  The 'invoices' logical expression could make the dependencies of useMemo Hook (at line 128) change on every render. To fix this, wrap the initialization of 'invoices' in its own useMemo() Hook  react-hooks/exhaustive-deps

Search for the keywords to learn more about each warning.
To ignore, add // eslint-disable-next-line to the line before.

[1m[33mWARNING[39m[22m in [1m[eslint] 
src\pages\Dashboard.jsx
  Line 123:9:  The 'invoices' logical expression could make the dependencies of useMemo Hook (at line 127) change on every render. To fix this, wrap the initialization of 'invoices' in its own useMemo() Hook  react-hooks/exhaustive-deps
  Line 123:9:  The 'invoices' logical expression could make the dependencies of useMemo Hook (at line 128) change on every render. To fix this, wrap the initialization of 'invoices' in its own useMemo() Hook  react-hooks/exhaustive-deps

[39m[22m

webpack compiled with [1m[33m1 warning[39m[22m
Compiling...
Compiled with warnings.

[eslint] 
src\pages\Dashboard.jsx
  Line 123:9:  The 'invoices' logical expression could make the dependencies of useMemo Hook (at line 127) change on every render. To fix this, wrap the initialization of 'invoices' in its own useMemo() Hook  react-hooks/exhaustive-deps
  Line 123:9:  The 'invoices' logical expression could make the dependencies of useMemo Hook (at line 128) change on every render. To fix this, wrap the initialization of 'invoices' in its own useMemo() Hook  react-hooks/exhaustive-deps

Search for the keywords to learn more about each warning.
To ignore, add // eslint-disable-next-line to the line before.

[1m[33mWARNING[39m[22m in [1m[eslint] 
src\pages\Dashboard.jsx
  Line 123:9:  The 'invoices' logical expression could make the dependencies of useMemo Hook (at line 127) change on every render. To fix this, wrap the initialization of 'invoices' in its own useMemo() Hook  react-hooks/exhaustive-deps
  Line 123:9:  The 'invoices' logical expression could make the dependencies of useMemo Hook (at line 128) change on every render. To fix this, wrap the initialization of 'invoices' in its own useMemo() Hook  react-hooks/exhaustive-deps

[39m[22m

webpack compiled with [1m[33m1 warning[39m[22m
Compiling...
Compiled with warnings.

[eslint] 
src\pages\Dashboard.jsx
  Line 123:9:  The 'invoices' logical expression could make the dependencies of useMemo Hook (at line 127) change on every render. To fix this, wrap the initialization of 'invoices' in its own useMemo() Hook  react-hooks/exhaustive-deps
  Line 123:9:  The 'invoices' logical expression could make the dependencies of useMemo Hook (at line 128) change on every render. To fix this, wrap the initialization of 'invoices' in its own useMemo() Hook  react-hooks/exhaustive-deps

Search for the keywords to learn more about each warning.
To ignore, add // eslint-disable-next-line to the line before.

[1m[33mWARNING[39m[22m in [1m[eslint] 
src\pages\Dashboard.jsx
  Line 123:9:  The 'invoices' logical expression could make the dependencies of useMemo Hook (at line 127) change on every render. To fix this, wrap the initialization of 'invoices' in its own useMemo() Hook  react-hooks/exhaustive-deps
  Line 123:9:  The 'invoices' logical expression could make the dependencies of useMemo Hook (at line 128) change on every render. To fix this, wrap the initialization of 'invoices' in its own useMemo() Hook  react-hooks/exhaustive-deps

[39m[22m

webpack compiled with [1m[33m1 warning[39m[22m
Compiling...
Compiled successfully!
webpack compiled [1m[32msuccessfully[39m[22m
Compiling...
Compiled successfully!
webpack compiled [1m[32msuccessfully[39m[22m
Compiling...
Compiled successfully!
webpack compiled [1m[32msuccessfully[39m[22m
Compiling...
Compiled successfully!
webpack compiled [1m[32msuccessfully[39m[22m
Compiling...
Compiled successfully!
webpack compiled [1m[32msuccessfully[39m[22m
Compiling...
Compiled successfully!
webpack compiled [1m[32msuccessfully[39m[22m
Compiling...
Compiled successfully!
webpack compiled [1m[32msuccessfully[39m[22m
Compiling...
Compiled successfully!
webpack compiled [1m[32msuccessfully[39m[22m
